30182
30200
30212
30206
30213
30224
30225
30231
30226
30244
30242
30250
30255
30266
30277
30308
30312
30297
30322
30325
30335
30361
30371
30380
30441
30458
30478
30521
30534
30562
30567
30577
30600
30604
30613
30626
30630
30636
30663
30667
30701
30714
30720
30754
30761
30775
30796
30806
30833
30864
30868
30873
30877
30882
30906
30936
30950
30958
30962
30969
30973
30970
30977
30985
31002
31010
31043
31048
31090
31087
31093
31104
31112
31108
31114
31122
31138
31169
31168
31175
31179
31199
31204
31216
31222
31257
31254
31268
31272
31273
31280
31291
31322
31320
31333
31340
31337
31352
31375
31387
31392
31416
31421
31437
31454
31446
31452
31463
31464
31470
31492
31521
31533
31537
31548
31545
31562
31573
31582
31588
31589
31590
31658
31656
31670
31660
31663
31688
31685
31716
31723
31737
31734
31732
31743
31755
31788
31813
31826
31842
31880
31890
31898
31903
31921
31950
31954
31965
31976
31991
32013
32044
32048
32024
32054
32071
32072
32079
32109
32106
32125
32135
32159
32173
32181
32179
32185
32196
32235
32237
32230
32247
32248
32250
32263
32270
32283
32285
32295
32298
32328
32331
32337
32338
32358
32372
32366
32397
32396
32400
32412
32416
32429
32448
32450
32451
32477
32475
32502
32521
32514
32528
32530
32548
32559
32569
32573
32574
32578
32621
32624
32627
32629
32653
32658
32686
32689
32712
32739
32740
32754
32767
32797
32804
32800
32822
32832
32877
32901
32910
32918
32924
32935
32944
32948
32951
32954
32966
32962
32981
32980
32985
33013
33055
33065
33085
33097
33104
33113
33103
33116
33141
33176
33178
33187
33197
48292
48339
48345
48350
48359
48366
48386
48392
48398
48446
48454
48460
48464
48470
48468
48494
48509
48527
48556
48558
48569
48583
48589
48602
48616
48632
48638
48651
48656
48657
48668
48677
48721
48731
48752
48769
48784
48776
48781
48797
48807
48820
48817
48822
48859
48861
48871
48868
48876
48887
48881
48907
48910
48935
48955
48974
48969
48978
49020
49048
49099
49100
49108
49137
49145
49148
49164
49165
49201
49205
49198
49203
49211
49220
49222
49233
49243
49256
49272
49274
49300
49311
49318
49353
49361
49394
49389
49400
49420
49440
49434
49479
49486
49510
49522
49539
49565
49569
49579
49583
49588
49621
49631
49633
49652
49650
49664
49666
49668
49669
49690
49711
49724
49732
49739
49772
49809
49849
49857
49877
49884
49900
49951
49960
49962
49967
49971
49972
50002
50000
50042
50046
50056
50062
50089
50082
50095
50096
50101
50105
50139
50148
50161
50153
50178
50185
50191
50233
50237
50249
50253
50252
50255
50259
50273
50286
50312
50321
50324
50335
50389
50406
50404
50408
50411
50427
50425
50436
50460
50461
50472
50481
50478
50488
50492
50489
50511
50513
50519
50542
50548
50574
50631
50638
50661
50658
50679
50677
50682
50698
50710
50705
50721
50722
50697
50762
50783
50795
50804
50809
50830
50832
50828
50833
50860
50891
50893
50897
50902
50908
50907
50930
50928
50931
50941
50939
50958
50975
50996
51006
50999
51030
51035
51034
51042
51047
51053
51075
51079
51087
51086
51097
51103
51105
51107
51111
51119
51109
51128
51139
51155
51186
51195
51203
51212
51211
51210
51222
51228
51249
51252
24153
24156
24171
24205
24226
24236
24269
24294
24281
24297
24313
24329
24342
24350
24355
24366
24398
24401
24408
24409
24406
24414
24421
24444
24458
24447
24455
24468
24473
24516
24526
24539
24554
24579
24608
24603
24610
24623
24641
24671
24690
24699
24713
24717
24784
24812
24848
24862
24865
24890
24896
24894
24923
24930
24932
24936
24942
24950
24997
24999
25009
25034
25037
25039
25047
25057
25064
25098
25101
25108
25127
25155
25166
25176
25195
25201
25218
25235
25253
25259
25269
25297
25325
25335
25346
25348
25354
25368
25393
25429
25417
25440
25445
25453
25476
25482
25491
25498
25511
25524
25530
25535
25545
25556
25552
25581
25573
25585
25604
25634
25645
25663
25689
25695
25720
25722
25741
25746
25769
25719
25775
25791
25798
25804
25817
25832
25847
25845
25891
25889
25937
25950
25980
25978
25999
26033
26041
26057
26061
26073
26088
26115
26130
26141
26152
26161
26163
26167
26178
26172
26179
26202
26233
26239
26229
26264
26278
26306
26304
26360
26371
26398
26402
26409
26413
26417
26428
26455
26470
26489
26492
26497
26501
26525
26534
26527
26538
26533
26553
26559
26562
26567
26596
26605
26604
26613
26634
26647
26668
26683
26712
26709
26713
26735
26746
26741
26752
26797
26792
26805
26800
26807
26814
26819
26854
26853
26861
26869
26870
26882
26890
26892
26917
26910
26945
26956
26961
26969
26979
26963
26992
26975
27001
27029
27058
27057
27065
27080
27091
27092
27109
27136
27150
42272
42270
42279
42301
42315
42342
42344
42350
42349
42359
42357
42393
42402
42411
42427
42443
42449
42458
42469
42470
42475
42481
42504
42506
42498
42516
42525
42519
42521
42529
42548
42564
42579
42590
42593
42620
42627
42638
42650
42648
42663
42662
42684
42699
42719
42721
42734
42739
42748
42752
42773
42776
42789
42793
42794
42802
42814
42815
42823
42824
42808
42858
42880
42875
42909
42917
42913
42940
42950
42960
42990
42997
43004
43008
43031
43056
43079
43089
43101
43096
43106
43105
43107
43148
43149
43160
43172
43176
43187
43221
43225
43245
43255
43280
43282
43306
43350
43351
43360
43361
43383
43395
43406
43410
43431
43455
43456
43452
43470
43477
43473
43478
43509
43508
43510
43526
43539
43581
43587
43584
43592
43614
43605
43643
43656
43675
43698
43697
43712
43718
43729
43741
43754
43762
43764
43772
43773
43783
43784
43790
43804
43806
43817
43825
43824
43832
43834
43843
43847
43871
43870
43884
43914
43919
43927
43933
43942
43943
43949
43953
43967
43981
43999
44015
44017
44027
44050
44066
44072
44096
44105
44143
44154
44168
44179
44176
44188
44195
44203
44210
44213
44212
44263
44270
44274
44301
44302
44313
44321
44335
44352
44366
44369
44398
44405
44417
44457
44486
44513
44530
44535
44542
44562
44586
44583
44596
44609
44605
44612
44646
44658
44667
44672
44670
44668
44689
44688
44703
44719
44726
44740
44748
44751
44763
44783
44797
44811
44809
44814
44841
44866
44870
44876
44884
44894
44897
44918
44922
44936
44965
44986
45013
45028
45033
45073
45125
45129
45155
45172
45181
45207
45215
45226
45259
51348
51351
51377
51425
51437
51429
51444
51456
51450
51466
51465
51481
51485
51516
51539
51547
51546
51555
51558
51559
51581
51592
51587
51631
51634
51640
51645
51660
51665
51691
51699
51704
51718
51716
51725
51764
51796
51830
51838
51836
51850
51859
51866
51878
51879
51905
51917
51934
51946
51942
51947
51973
52008
52005
52030
52037
52043
52066
52068
52071
52076
52080
52088
52096
52102
52105
52148
52146
52145
52159
52171
52170
52176
52184
52191
52198
52203
52206
52217
52227
52247
52288
52293
52296
52318
52330
52314
52328
52353
52400
52422
52401
52445
52452
52459
52467
52475
52471
52477
52482
52470
52494
52502
52515
52521
52517
52536
52554
52603
52604
52611
52650
52653
52662
52689
52688
52693
52709
52720
52746
52757
52753
52760
52788
52819
52823
52832
52848
52847
52833
52843
52867
52866
52886
52891
52914
52920
52931
52927
52942
52943
52957
52965
52978
52993
53022
53049
53045
53081
53090
53094
53102
53105
53110
53111
53124
53158
53163
53173
53197
53204
53212
53216
53217
53215
53226
53230
53234
53271
53277
53282
53287
53294
53313
53328
53330
53338
53344
53364
53367
53376
53378
53406
53432
53439
53434
53442
53449
53462
53469
53485
53503
53506
53519
53533
53538
53549
53564
53604
53616
53628
53665
53670
53672
53680
53688
53703
53723
53735
53764
53778
53783
53804
53809
53813
53818
53829
53842
53851
53857
53866
53886
53915
53945
53976
53986
53991
53987
53998
54021
54046
54052
54055
54057
54069
54075
54092
54100
54095
54107
54182
54203
54213
54231
54229
54237
54258
54282
54285
54295
66401
66440
66435
66472
66485
66497
66501
66526
66533
66549
66543
66573
66615
66640
66650
66657
66667
66678
66687
66726
66740
66787
66799
66809
66811
66814
66829
66861
66883
66908
66928
66925
66931
66944
66949
66947
66956
66959
66975
66989
66988
67003
67015
67032
67066
67077
67074
67098
67113
67111
67123
67137
67153
67171
67192
67198
67221
67244
67257
67268
67297
67296
67286
67300
67307
67332
67342
67364
67374
67381
67386
67402
67420
67417
67440
67432
67449
67454
67459
67468
67467
67465
67509
67523
67531
67532
67543
67577
67582
67583
67598
67616
67622
67630
67653
67661
67680
67681
67708
67749
67768
67774
67779
67773
67778
67781
67789
67800
67802
67809
67851
67866
67883
67888
67893
67900
67909
67964
67977
67972
67988
67997
68000
68006
68037
68069
68097
68101
68109
68120
68130
68126
68171
68198
68227
68242
68278
68274
68312
68308
68318
68331
68345
68371
68377
68386
68400
68418
68415
68422
68451
68462
68489
68535
68547
68557
68559
68567
68570
68593
68621
68630
68641
68651
68682
68685
68694
68703
68700
68719
68729
68738
68743
68754
68750
68763
68768
68775
68783
68777
68801
68806
68814
68822
68828
68835
68839
68850
68856
68870
68874
68924
68955
68969
68976
69005
69062
69068
69095
69104
69124
69139
69144
69173
69172
69184
69209
69212
69213
69227
69224
69222
69229
69237
69238
69249
69253
69255
69281
69292
69299
69300
69307
69309
69331
69366
69370
69394
69403
69401
69410
69413
12075
12092
12110
12128
12146
12145
12157
12181
12196
12209
12228
12235
12240
12252
12257
12262
12287
12354
12351
12374
12371
12388
12395
12426
12437
12456
12470
12484
12491
12508
12516
12524
12545
12538
12546
12565
12595
12615
12606
12661
12669
12676
12685
12692
12700
12766
12775
12800
12832
12823
12834
12875
12882
12872
12887
12913
12914
12933
12928
12937
12955
12975
12971
12994
13024
13035
13042
13043
13053
13069
13082
13111
13128
13146
13157
13156
13163
13184
13196
13209
13213
13220
13226
13237
13244
13296
13312
13322
13340
13346
13356
13355
13357
13367
13373
13393
13415
13414
13428
13429
13460
13459
13464
13495
13511
13533
13548
13539
13556
13543
13567
13568
13627
13646
13648
13657
13686
13724
13717
13734
13750
13749
13761
13751
13770
13775
13781
13792
13801
13815
13821
13834
13842
13844
13851
13871
13887
13914
13917
13926
13927
13931
13929
13949
13956
13965
13992
14001
14006
14009
14007
14014
14026
14034
14057
14056
14062
14066
14080
14083
14108
14103
14119
14123
14124
14130
14145
14150
14161
14177
14180
14205
14213
14219
14248
14264
14263
14269
14277
14280
14287
14291
14304
14315
14336
14335
14366
14377
14393
14403
14401
14410
14449
14454
14460
14459
14466
14523
14524
14551
14543
14564
14570
14582
14585
14604
14629
14639
14644
14635
14653
14662
14706
14718
14733
14729
14756
14768
14764
14770
14807
14824
14828
14825
14840
14874
14873
14890
14896
14898
14912
14917
14922
14920
14929
14947
14985
14979
15015
15019
15010
15028
15037
9062
9071
9055
9077
9072
9078
9076
9110
9114
9115
9147
9157
9184
9188
9190
9232
9237
9253
9267
9268
9275
9288
9300
9318
9314
9315
9333
9342
9361
9369
9377
9392
9409
9410
9421
9442
9454
9495
9493
9501
9551
9554
9560
9563
9594
9616
9625
9633
9639
9644
9664
9677
9693
9714
9737
9779
9801
9823
9851
9858
9857
9867
9872
9884
9888
9908
9906
9966
9968
9979
9987
10002
10005
10022
10033
10032
10046
10049
10052
10057
10058
10014
10093
10111
10122
10119
10130
10167
10219
10226
10230
10232
10236
10176
10240
10268
10283
10285
10293
10308
10302
10317
10320
10348
10354
10362
10388
10380
10389
10393
10396
10405
10417
10433
10426
10441
10440
10463
10497
10506
10513
10517
10552
10579
10589
10592
10595
10619
10636
10641
10659
10667
10673
10674
10709
10700
10749
10788
10791
10823
10831
10839
10850
10860
10866
10919
10918
10928
10945
10954
10959
10964
11015
11038
11051
11053
11082
11085
11098
11114
11121
11138
11155
11164
11174
11187
11194
11224
11261
11308
11315
11328
11357
11385
11404
11405
11403
11400
11434
11436
11442
11460
11479
11502
11528
11525
11536
11541
11543
11567
11577
11578
11593
11596
11621
11640
11648
11650
11659
11711
11714
11725
11768
11776
11818
11832
11835
11874
11875
11889
11888
11930
11917
11931
11943
11951
11947
11950
11955
11946
11989
12005
12014
12040
12038
12050
12062
72438
72478
72480
72493
72511
72525
72539
72549
72556
72553
72564
72600
72606
72607
72613
72618
72670
72687
72686
72693
72696
72700
72710
72709
72721
72730
72729
72722
72776
72774
72779
72785
72780
72797
72811
72814
72866
72874
72889
72895
72897
72900
72905
72916
72925
72931
72948
72953
72958
72991
72995
73000
73018
73045
73051
73075
73092
73122
73133
73167
73169
73173
73203
73205
73208
73215
73230
73241
73254
73259
73270
73271
73279
73292
73301
73300
73305
73337
73340
73349
73367
73365
73369
73389
73409
73416
73423
73466
73474
73502
73503
73514
73519
73528
73525
73560
73564
73593
73603
73594
73629
73645
73650
73662
73678
73699
73698
73711
73713
73755
73777
73790
73799
73801
73820
73861
73863
73884
73883
73893
73924
73929
73950
73956
73962
73963
73968
73976
73978
73988
73983
74013
74052
74065
74091
74089
74097
74098
74096
74135
74142
74204
74211
74214
74232
74236
74250
74265
74281
74304
74315
74320
74335
74334
74349
74356
74355
74358
74384
74410
74414
74436
74466
74497
74501
74528
74544
74550
74564
74604
74628
74632
74641
74665
74686
74716
74722
74721
74733
74748
74772
74771
74767
74777
74769
74813
74814
74816
74827
74840
74856
74877
74901
74904
74937
74958
74961
74969
74982
74974
74992
74994
74996
75008
75016
75018
75022
75054
75093
75095
75105
75112
75184
75215
75227
75231
75265
75278
75289
75302
75330
75349
75353
75357
75355
75361
75358
75369
75377
75371
75380
75401
75408
75425
75431
75450
84513
84524
84525
84549
84570
84575
84573
84606
84607
84616
84630
84637
84631
84640
84648
84643
84676
84680
84678
84691
84708
84721
84722
84730
84742
84766
84770
84801
84800
84810
84817
84837
84857
84866
84870
84868
84883
84893
84900
84898
84905
84922
84928
84943
84971
84985
84993
85003
85024
85025
85067
85084
85085
85107
85128
85130
85136
85143
85149
85146
85156
85177
85169
85184
85174
85180
85178
85206
85224
85238
85253
85259
85354
85351
85371
85400
85416
85414
85372
85427
85438
85455
85464
85476
85477
85484
85497
85519
85527
85536
85540
85533
85550
85549
85560
85573
85578
85579
85594
85607
85608
85620
85623
85630
85628
85653
85659
85675
85731
85749
85772
85782
85774
85812
85814
85840
85842
85851
85886
85915
85903
85911
85940
85925
85949
85961
86006
86033
86039
86040
86060
86090
86106
86096
86120
86144
86155
86141
86177
86170
86203
86214
86255
86270
86275
86302
86318
86341
86348
86364
86371
86377
86383
86403
86429
86458
86470
86484
86487
86504
86496
86531
86568
86567
86571
86574
86601
86604
86622
86635
86656
86651
86661
86680
86690
86709
86703
86711
86710
86706
86712
86723
86731
86764
86775
86765
86780
86784
86791
86785
86792
86799
86804
86808
86835
86866
86877
86881
86894
86912
86917
86924
86929
86933
86941
86944
86964
86976
86983
86990
86985
87002
87008
87011
87017
87021
87023
87043
87049
87096
87104
87121
87137
87141
87149
87164
87185
87172
87202
87206
87217
87242
87251
87257
87271
87274
87279
87285
87293
87310
87307
87299
87335
87353
87356
87369
87380
87391
87394
87404
87412
87462
87466
87480
87497
87499
87505
87506
87512
87507
87513
87522
87523
87534
87557
87562
87561
87567
87588
87589
87590
87617
87640
87674
87661
87679
87706
87715
87724
87729
87755
87758
87764
87797
87814
87823
87824
87832
87844
87865
87893
87905
87903
87924
87933
87941
87947
87948
88008
88023
88040
88042
88055
88053
88073
88064
88083
88104
88099
88103
88106
88112
88117
88125
88161
88164
88165
88176
88178
88197
88206
88213
88224
88227
88221
88233
88240
88245
88255
88271
88280
88286
88282
88290
88293
88299
88308
88307
88309
88314
88337
88336
88372
88379
88378
88392
88406
88413
88419
88437
88446
88451
88455
88464
88470
88480
88494
88521
88522
88528
88540
88541
88545
88542
88547
88558
88562
88564
88582
88585
88591
88581
88593
88602
88614
88622
88637
88630
88676
88695
88701
88692
88699
88728
88729
88753
88770
88777
88808
88815
88838
88839
88855
88854
88865
88873
88915
88940
88937
88941
88956
88948
88963
88980
88988
89009
89049
89055
89067
89063
89082
89103
89112
89123
89153
89159
89160
89175
89189
89190
89220
89223
89249
89263
89258
89281
89298
89308
89300
89316
89330
89328
89337
89348
89358
89367
89369
89376
89382
89389
89408
89426
89432
89436
89450
89453
89459
89517
89507
89523
89521
89538
89539
89553
89566
89580
89592
89599
89611
89631
89630
89644
89648
89657
89632
89689
89696
89709
89705
89706
89725
89735
89744
89782
89785
89791
89800
89802
89806
89809
89818
89851
89869
89886
89889
89917
89937
89961
89960
89968
89971
89987
89989
89984
90027
90016
90065
90085
90101
90102
90144
90149
90180
90190
90206
90231
90235
90269
90274
90272
90330
90320
90350
90376
90384
90392
90396
90407
90413
90422
90446
90478
90486
90474
90516
90524
90535
96584
96603
96624
96612
96630
96648
96669
96675
96687
96715
96723
96748
96751
96768
96777
96772
96775
96779
96797
96802
96810
96812
96829
96824
96841
96850
96851
96866
96873
96878
96881
96887
96893
96908
96912
96906
96914
96937
96940
96945
96954
96952
96958
96988
96997
97025
97021
97032
97041
97063
97077
97082
97089
97091
97088
97109
97159
97153
97164
97177
97178
97184
97200
97219
97211
97223
97242
97280
97277
97293
97294
97300
97316
97338
97395
97413
97427
97433
97438
97431
97456
97461
97467
97481
97482
97503
97508
97515
97554
97551
97570
97569
97566
97589
97587
97620
97625
97630
97639
97655
97658
97684
97678
97685
97690
97705
97727
97729
97757
97759
97781
97806
97801
97836
97842
97857
97884
97894
97885
97897
97924
97926
97936
97935
97952
97986
97985
98023
98037
98039
98040
98055
98071
98112
98115
98131
98138
98150
98160
98169
98202
98209
98220
98236
98253
98260
98280
98285
98293
98297
98290
98321
98329
98331
98375
98377
98395
98393
98408
98443
98431
98445
98441
98446
98461
98455
98466
98489
98487
98492
98503
98523
98529
98572
98576
98582
98630
98634
98639
98649
98690
98695
98708
98714
98726
98720
98741
98735
98747
98759
98763
98772
98781
98797
98813
98814
98845
98860
98877
98897
98901
98904
98913
98934
98931
98952
98950
98973
98983
98989
98995
98994
99018
99027
99042
99063
99070
99071
99086
99094
99111
99115
99131
99132
99133
99162
99183
99202
99205
99219
99227
99243
99252
99258
99253
99273
99282
99285
99293
99298
99312
99320
99340
99360
99372
99375
99367
99377
99400
99398
99419
99417
99443
99491
99500
99512
99517
99513
99518
99532
99534
99580
99579
99585
99592
99594
63387
63399
63412
63422
63424
63468
63467
63506
63515
63518
63530
63547
63546
63554
63564
63602
63620
63631
63652
63663
63691
63697
63750
63760
63783
63779
63785
63799
63824
63828
63832
63842
63858
63877
63891
63909
63917
63923
63927
63929
63947
63902
63991
63998
64009
64051
64061
64067
64070
64085
64110
64115
64142
64148
64152
64173
64221
64241
64265
64269
64284
64301
64319
64332
64340
64339
64380
64373
64382
64416
64418
64447
64464
64458
64483
64497
64518
64526
64547
64542
64574
64586
64593
64599
64602
64597
64623
64625
64645
64663
64656
64671
64712
64711
64722
64724
64726
64747
64772
64773
64789
64818
64819
64829
64847
64844
64853
64858
64863
64882
64891
64900
64906
64916
64933
64953
64961
64976
64978
65011
65030
65038
65057
65062
65059
65066
65064
65073
65085
65092
65087
65093
65096
65094
65110
65102
65107
65112
65113
65128
65134
65140
65133
65158
65168
65178
65186
65225
65234
65243
65263
65268
65275
65301
65320
65329
65334
65354
65357
65378
65387
65389
65411
65425
65453
65454
65455
65467
65469
65484
65495
65513
65525
65529
65565
65569
65581
65577
65597
65605
65624
65644
65641
65666
65683
65705
65724
65739
65769
65781
65820
65826
65827
65834
65847
65855
65876
65877
65892
65909
65919
65941
65969
65979
65976
65988
66006
66010
66012
66015
66028
66031
66038
66036
66039
66069
66093
66124
66131
66085
66155
66156
66167
66170
66194
66188
66195
66213
66269
66365
66382
66378
54347
54345
54389
54395
54398
54406
54412
54436
54456
54464
54468
54505
54509
54516
54510
54535
54541
54551
54580
54576
54556
54627
54625
54630
54643
54644
54663
54665
54699
54700
54713
54706
54715
54791
54796
54798
54852
54849
54881
54892
54894
54925
54935
54985
55001
55011
55013
55033
55016
55034
55042
55065
55067
55082
55087
55090
55086
55097
55102
55109
55107
55124
55130
55129
55152
55165
55188
55189
55214
55216
55226
55233
55248
55264
55282
55285
55289
55284
55308
55311
55313
55345
55343
55347
55357
55375
55380
55397
55420
55461
55460
55455
55467
55477
55483
55501
55504
55539
55548
55564
55571
55572
55666
55668
55698
55697
55731
55756
55778
55783
55824
55836
55844
55859
55878
55889
55875
55893
55904
55928
55947
55952
55959
55963
55969
55974
55971
55978
55986
56006
56027
56039
56058
56065
56078
56080
56089
56108
56131
56158
56168
56169
56172
56174
56184
56206
56214
56255
56252
56269
56286
56282
56295
56315
56314
56327
56336
56347
56363
56381
56389
56398
56407
56404
56431
56435
56492
56501
56497
56499
56527
56523
56537
56545
56560
56570
56577
56576
56581
56585
56579
56588
56594
56607
56606
56644
56642
56666
56667
56680
56681
56678
56708
56733
56726
56751
56757
56762
56770
56777
56778
56802
56805
56821
56846
56850
56863
56856
56878
56870
56969
56992
56984
56964
57018
57036
57039
57059
57076
57089
57097
57102
57116
57126
57129
57163
57182
57262
57272
57296
57382
57396
57398
57419
57420
57425
57426
57455
57481
57491
57508
57517
57542
57568
57567
57579
57586
57590
57625
57639
57647
57651
57653
57652
57650
57671
57673
57674
57682
57689
57694
57704
57728
57736
57750
57751
57765
57774
57791
57812
57826
57842
57830
57838
57845
57846
57868
57872
57890
57922
57923
57942
57943
57949
57988
57982
57993
58015
58044
58079
58088
58098
58128
58140
58139
58159
58161
58198
58225
58232
58257
58255
58268
58274
58291
58300
58309
58317
58385
58390
58397
58402
58375
58407
58403
58417
58425
58427
58440
58491
58500
58503
58497
58560
58566
58578
58584
58600
58610
58609
58602
58643
58664
58722
58714
58732
58738
58771
58766
58815
58826
58839
58834
58851
58871
58883
58886
58909
58923
58910
58936
58968
58972
58978
58982
58994
58999
59019
59024
59053
59063
59075
59082
59081
59091
59114
59132
59126
59171
59192
59199
59209
59205
59210
59231
59233
59237
59240
59260
59280
59292
59293
59303
59310
59313
59319
59322
59325
59326
59371
59376
59444
59450
59454
59455
59465
59476
59488
59491
59501
59520
59523
59537
59536
59529
59551
59549
59550
59560
59552
59564
59567
59580
59603
59613
59621
59655
59653
59661
59663
59678
59717
59720
59721
59724
59738
59749
59758
59757
59770
59710
59792
59814
59823
59830
59836
59861
59878
59882
59893
59914
59924
59939
59950
59945
59946
59957
59965
59972
60001
60005
60009
60020
60033
60028
60044
60041
60049
60045
60059
60071
60095
60113
60135
60146
60145
60176
60194
60197
60204
60208
60233
60259
60264
60283
60261
60292
60311
60330
60336
60343
60347
60333
60348
60359
6044
6052
6054
6047
6065
6093
6109
6129
6135
6167
6178
6203
6226
6249
6257
6289
6294
6331
6346
6352
6355
6364
6358
6394
6417
6443
6452
6453
6474
6480
6471
6483
6482
6496
6495
6530
6539
6559
6575
6593
6605
6613
6636
6640
6650
6666
6659
6699
6706
6712
6718
6743
6751
6759
6771
6773
6779
6781
6799
6805
6807
6818
6834
6843
6860
6856
6871
6873
6890
6906
6900
6924
6922
6934
6929
6981
6985
6996
7013
7033
7044
7049
7057
7082
7090
7088
7098
7101
7121
7130
7119
7131
7147
7216
7237
7266
7264
7279
7274
7281
7284
7286
7295
7309
7324
7339
7354
7371
7370
7376
7398
7395
7401
7407
7416
7479
7490
7487
7493
7524
7525
7531
7533
7545
7578
7589
7603
7612
7636
7637
7643
7649
7653
7661
7684
7712
7749
7755
7758
7775
7776
7783
7795
7807
7813
7821
7823
7833
7836
7840
7854
7887
7901
7928
7965
7974
7991
7996
7999
8003
8024
8027
8037
8030
8036
8051
8050
8064
8074
8096
8091
8099
8103
8109
8108
8117
8132
8148
8150
8152
8154
8181
8230
8247
8262
8275
8273
8277
8280
8295
8323
8363
8368
8381
8391
8386
8435
8450
8459
8477
8488
8494
8497
8501
8519
8528
8542
8547
8549
8555
8551
8567
8624
8620
8621
8652
8665
8666
8675
8679
8699
8710
8713
8717
8714
8746
8751
8760
8763
8774
8789
8807
8809
8820
8826
8830
8827
8835
8842
8859
8874
8879
8877
8896
8892
8900
8914
8927
8931
8942
8969
8983
8996
9014
9019
9022
9023
9028
9051
33206
33228
33255
33262
33272
33298
33286
33325
33328
33366
33376
33375
33381
33382
33391
33395
33390
33399
33396
33416
33424
33434
33448
33452
33454
33460
33473
33474
33478
33480
33502
33513
33562
33585
33599
33605
33616
33613
33620
33660
33678
33693
33727
33734
33729
33767
33781
33854
33869
33897
33891
33896
33923
33926
33928
33914
33935
33936
33947
33977
33975
33978
33994
33999
34013
34014
34009
34016
34039
34066
34071
34081
34076
34087
34101
34107
34114
34118
34122
34134
34144
34148
34198
34223
34237
34285
34329
34323
34344
34350
34365
34369
34389
34418
34436
34477
34468
34480
34491
34483
34500
34521
34525
34550
34548
34557
34584
34588
34604
34624
34631
34628
34664
34701
34706
34716
34715
34727
34738
34747
34751
34756
34769
34766
34775
34792
34805
34801
34811
34823
34816
34839
34852
34851
34859
34888
34903
34925
34929
34939
34946
34955
34965
34987
34990
35026
35041
35049
35058
35065
35073
35081
35112
35135
35155
35154
35151
35171
35169
35192
35202
35259
35271
35293
35306
35309
35320
35327
35335
35340
35361
35358
35355
35377
35394
35445
35446
35462
35489
35479
35497
35502
35517
35515
35531
35535
35540
35542
35562
35566
35584
35597
35607
35615
35631
35625
35655
35667
35668
35682
35689
35699
35704
35730
35735
35769
35765
35774
35773
35780
35790
35826
35833
35823
35839
35843
35854
35848
35857
35874
35904
35905
35903
35921
35917
35927
35930
35953
35952
35962
35969
35980
35988
35982
36010
36024
36029
36021
36035
36073
36066
36084
36085
36094
36130
36138
36142
36151
36145
36150
36154
36158
36191
36201
36206
36213
90544
90580
90627
90629
90632
90662
90671
90685
90702
90697
90713
90728
90755
90781
90829
90837
90846
90857
90865
90867
90879
90888
90885
90893
90897
90912
90920
90927
90943
90950
90955
90959
90956
90981
91017
91034
91064
91070
91068
91089
91101
91105
91109
91159
91168
91185
91173
91209
91247
91261
91266
91275
91285
91301
91300
91303
91305
91314
91320
91324
91328
91358
91359
91361
91376
91387
91397
91386
91399
91404
91401
91408
91465
91455
91470
91486
91505
91567
91570
91576
91575
91599
91640
91647
91657
91658
91670
91668
91686
91697
91733
91780
91783
91806
91817
91816
91818
91848
91876
91896
91898
91902
91943
91948
91957
91970
91973
91985
91992
92013
92016
92015
92032
92033
92043
92048
92044
92049
92047
92062
92060
92068
92083
92091
92096
92124
92119
92128
92123
92134
92145
92144
92149
92180
92187
92196
92248
92262
92267
92278
92292
92285
92323
92328
92333
92337
92346
92356
92383
92381
92379
92408
92428
92436
92446
92498
92496
92510
92527
92547
92551
92566
92584
92581
92609
92619
92633
92648
92643
92666
92688
92687
92700
92712
92718
92717
92729
92731
92737
92738
92765
92770
92783
92786
92791
92802
92800
92813
92814
92828
92832
92843
92845
92854
92860
92888
92900
92894
92902
92919
92920
92938
92942
92956
92959
92964
92989
93038
93023
93063
93079
93077
93083
93081
93095
93096
93120
93122
93129
93146
93151
93156
93178
93179
93187
93206
93213
93203
93223
93225
93231
93243
93244
93255
93261
93275
93286
93295
93296
93304
93310
93316
93319
93345
93348
93401
93403
93426
93425
93427
93472
93481
93485
93498
93501
93519
93518
93528
93543
93560
93559
93586
93605
93619
93624
93623
93625
93635
93644
93651
93662
93664
93663
93674
93660
93691
93710
93730
93723
93733
93745
93749
93762
93770
93785
93806
93818
93846
93853
93857
93863
93876
93889
93917
93936
93931
93943
93938
93973
93981
93990
93980
94008
94024
94057
94060
94087
94099
94110
94105
94118
94122
94127
94145
94201
94200
94222
94270
94288
94299
94307
94312
94326
94334
94362
94375
94405
94418
94417
94422
94454
94502
94510
94524
94547
94554
94563
94561
94565
94580
94617
94618
94630
94668
94673
94686
94689
94701
94703
94709
94732
94738
94745
94770
94771
94769
94789
94806
94825
94832
94838
94843
94837
94856
94878
94896
94891
94899
94929
94938
94939
94935
94951
94942
94971
94968
94977
95001
95004
95020
95022
95066
95080
95110
95122
95127
95135
95155
95162
95196
95200
95220
95224
95225
95280
95290
95289
95310
95322
95331
95356
95359
95373
95382
95388
95411
95454
95450
95459
95463
95492
95502
95535
95551
95554
95558
95581
95583
95589
95599
95614
95620
95619
95631
95625
95650
95663
95682
95684
95716
95731
95756
95763
95761
95768
95798
95801
95859
95893
95937
95935
95949
95961
95988
95990
95996
95991
95982
96007
96013
96044
96046
96077
96075
96089
96085
96122
96133
96158
96193
96187
96215
96268
96275
96309
96304
96318
96363
96368
96349
96391
96403
96411
96425
96422
96488
96490
96508
96512
96537
96547
96554
18117
18127
18126
18135
18134
18139
18149
18161
18206
18209
18204
18221
18230
18238
18248
18236
18244
18266
18280
18285
18295
18313
18332
18375
18379
18378
18370
18408
18409
18415
18421
18434
18443
18451
18483
18537
18576
18581
18586
18598
18608
18615
18617
18616
18624
18651
18676
18678
18683
18679
18682
18710
18716
18734
18743
18747
18768
18787
18809
18812
18831
18827
18838
18837
18863
18860
18871
18877
18876
18880
18911
18906
18922
18923
18925
18926
18930
18934
18954
19012
19015
19040
19039
19065
19064
19070
19069
19092
19097
19106
19133
19143
19154
19166
19171
19186
19222
19242
19251
19254
19272
19280
19287
19298
19344
19348
19364
19383
19406
19410
19415
19436
19429
19444
19446
19450
19455
19445
19470
19473
19491
19505
19513
19511
19520
19532
19538
19543
19537
19535
19549
19540
19553
19565
19570
19561
19586
19610
19631
19628
19684
19683
19700
19741
19757
19749
19769
19780
19786
19784
19802
19804
19836
19829
19837
19860
19899
19900
19924
19935
19941
19947
19968
19978
19999
20009
20025
20028
20032
20059
20079
20097
20096
20117
20120
20128
20150
20155
20159
20162
20163
20187
20201
20205
20245
20255
20265
20269
20270
20274
20280
20291
20303
20322
20352
20361
20385
20396
20400
20417
20422
20447
20454
20456
20472
20478
20493
20550
20560
20569
20575
20594
20603
20584
20602
20614
20615
20633
20643
20649
20650
20663
20681
20699
20702
20707
20715
20728
20736
20739
20737
20745
20771
20781
20797
20801
20838
20842
20844
20890
20895
20889
20920
20938
20954
20953
20968
20972
20979
20985
21001
21021
21026
21030
21036
21038
21051
21073
21077
21093
21098
21117
21124
21136
21194
21246
21235
21243
21261
21262
21259
21271
21281
21295
21302
21321
21329
21333
21344
21347
21351
21357
21365
21366
21389
21392
21399
21423
21416
21458
21470
21478
21496
21497
21511
21516
21530
21560
21569
21570
21599
21608
21633
21643
21660
21671
21678
21685
21704
21708
21737
21755
21763
21760
21771
21783
21795
21792
21786
21826
21818
21855
21863
21867
21887
21894
21905
21916
21919
21929
21943
21942
21951
21956
21963
21983
21996
22031
22046
22050
22061
22107
22113
22115
22139
22160
22171
22201
22205
22231
22235
22267
22273
22279
22287
22301
22308
22344
22380
22399
22456
22475
22483
22488
22496
22519
22528
22515
22548
22558
22572
22589
22613
22610
22636
22648
22653
22669
22678
22693
22704
22709
22708
22749
22763
22773
22834
22837
22843
22844
22850
22856
22884
22890
22902
22907
22916
22929
22935
22937
22957
22970
22962
22968
22976
22984
22998
23008
23048
23065
23077
23118
23140
23159
23168
23186
23188
23203
23209
23227
23224
23235
23243
23246
23247
23253
23268
23271
23286
23303
23314
23317
23319
23327
23348
23347
23351
23352
23365
23413
23431
23438
23453
23467
23477
23497
23507
23510
23520
23516
23539
23558
23570
23585
23588
23597
23599
23604
23603
23610
23608
23621
23668
23667
23677
23687
23695
23691
23714
23718
23715
23737
23743
23747
23749
23756
23766
23771
23794
23793
23813
23818
23826
23843
23858
23862
23884
23887
23895
23894
23893
23910
23906
23948
23952
23950
23955
23954
23960
23965
23974
23976
23993
24019
24021
24028
24030
24049
24047
24065
24081
24080
24086
24103
24093
24104
24102
24105
24114
24120
24126
24137
24141
27182
27196
27202
27234
27236
27238
27246
27244
27260
27257
27305
27311
27335
27379
27374
27372
27405
27406
27425
27434
27430
27462
27536
27526
27537
27551
27556
27562
27566
27586
27590
27609
27615
27622
27631
27641
27640
27652
27699
27696
27700
27721
27753
27761
27763
27781
27786
27787
27803
27813
27833
27845
27848
27862
27877
27893
27933
27948
27957
27955
27981
27990
27980
27992
28034
28052
28065
28066
28084
28101
28103
28167
28175
28177
28187
28190
28213
28219
28228
28234
28252
28263
28277
28275
28283
28279
28294
28329
28342
28354
28362
28363
28373
28395
28405
28404
28408
28416
28412
28341
28423
28427
28468
28472
28487
28505
28520
28511
28522
28549
28552
28554
28590
28668
28681
28682
28693
28702
28718
28721
28734
28761
28769
28774
28791
28809
28819
28835
28845
28866
28870
28880
28926
28930
28945
28966
28971
28980
28988
28989
28991
28992
28983
29007
29063
29075
29074
29089
29084
29098
29112
29123
29133
29155
29161
29190
29200
29211
29207
29269
29266
29274
29280
29295
29310
29326
29335
29340
29356
29377
29390
29414
29450
29459
29489
29497
29492
29508
29526
29539
29545
29553
29550
29561
29592
29600
29626
29627
29632
29696
29695
29706
29733
29745
29753
29752
29762
29764
29793
29790
29796
29799
29830
29824
29831
29851
29865
29894
29904
29912
29920
29940
29946
29956
29968
29981
30009
30047
30050
30061
30067
30069
30073
30109
30119
30127
30140
30146
30172
39235
39247
39248
39256
39260
39266
39275
39270
39281
39303
39319
39331
39355
39389
39387
39411
39406
39413
39435
39442
39445
39456
39457
39452
39461
39465
39476
39496
39498
39505
39517
39524
39538
39566
39582
39611
39609
39618
39619
39630
39623
39663
39703
39702
39725
39731
39732
39774
39795
39782
39802
39797
39821
39848
39854
39855
39853
39862
39872
39877
39886
39899
39916
39928
39933
39935
39939
39944
39955
39973
39975
39974
39978
40003
40012
40030
40032
40034
40036
40051
40057
40070
40069
40073
40098
40117
40150
40154
40157
40162
40188
40209
40211
40232
40243
40282
40315
40338
40344
40323
40359
40368
40372
40370
40385
40438
40442
40498
40504
40505
40515
40530
40552
40559
40567
40582
40589
40579
40604
40615
40617
40624
40636
40643
40661
40670
40677
40680
40690
40693
40719
40723
40731
40739
40742
40763
40788
40799
40824
40831
40846
40853
40874
40878
40890
40903
40904
40901
40939
40953
40957
40958
40964
40970
40974
40982
40988
41011
41016
41028
41031
41035
41038
41029
41068
41079
41086
41085
41101
41124
41128
41140
41135
41151
41161
41162
41167
41193
41198
41242
41245
41246
41259
41269
41277
41289
41310
41321
41323
41333
41342
41336
41352
41368
41425
41420
41430
41447
41448
41444
41453
41459
41474
41473
41480
41482
41491
41509
41507
41537
41542
41543
41558
41564
41569
41576
41581
41598
41604
41606
41614
41616
41636
41637
41650
41676
41691
41710
41746
41745
41749
41757
41763
41792
41805
41814
41835
41900
41942
41946
42021
42060
42064
42068
42074
42077
42084
42085
42089
42083
42107
42138
42147
42148
42165
42180
42181
42184
42190
42195
42206
42229
42222
42232
42241
6
12
16
26
40
45
55
80
86
83
89
94
103
109
138
146
154
172
164
188
203
206
209
221
231
238
289
310
315
318
317
332
353
394
443
451
446
455
470
471
504
517
515
529
548
566
585
612
613
614
640
677
698
729
743
754
775
779
793
794
803
812
824
872
876
884
878
881
910
928
941
995
992
1004
1012
1024
1023
1033
1035
1026
1054
1070
1068
1085
1088
1090
1093
1109
1112
1131
1134
1159
1213
1232
1251
1250
1259
1278
1280
1285
1291
1286
1293
1299
1301
1308
1319
1328
1330
1344
1352
1374
1402
1414
1417
1419
1456
1474
1471
1477
1485
1487
1494
1491
1499
1498
1514
1513
1523
1539
1545
1546
1551
1548
1567
1575
1614
1641
1640
1649
1662
1691
1752
1763
1766
1789
1782
1801
1857
1861
1860
1882
1903
1904
1959
1968
1974
1987
2037
2036
2034
2078
2100
2116
2114
2140
2149
2145
2154
2176
2188
2221
2229
2225
2241
2266
2267
2265
2276
2309
2319
2330
2380
2393
2403
2435
2455
2456
2467
2480
2488
2508
2542
2527
2568
2571
2582
2575
2598
2615
2626
2632
2640
2648
2661
2659
2665
2670
2669
2680
2688
2694
2719
2726
2731
2738
2756
2768
2762
2765
2772
2775
2778
2793
2795
2806
2792
2829
2844
2854
2877
2899
2918
2928
2956
2951
2990
2994
3016
81506
81513
81539
81542
81571
81608
81617
81627
81634
81667
81683
81734
81749
81757
81774
81780
81790
81798
81823
81824
81834
81831
81851
81879
81882
81917
81918
81919
81922
81945
81949
81952
81944
81969
81963
81976
81982
81988
81991
82015
82037
82042
82044
82053
82074
82085
82089
82093
82099
82104
82127
82123
82146
82151
82195
82216
82248
82270
82287
82303
82306
82299
82317
82341
82342
82369
82378
82382
82375
82393
82400
82410
82413
82426
82423
82437
82447
82451
82453
82473
82504
82524
82522
82528
82594
82587
82607
82602
82610
82657
82662
82663
82667
82682
82683
82711
82717
82715
82733
82736
82741
82748
82753
82768
82794
82786
82805
82831
82841
82853
82861
82867
82862
82865
82900
82909
82913
82907
82911
82917
82923
82922
82940
82981
83003
83007
83020
83032
83042
83046
83069
83073
83084
83101
83124
83125
83129
83140
83158
83157
83182
83185
83184
83198
83227
83247
83254
83255
83267
83265
83294
83327
83333
83350
83364
83362
83381
83392
83402
83426
83429
83446
83452
83450
83476
83546
83547
83559
83557
83573
83578
83581
83593
83613
83606
83628
83639
83643
83644
83656
83659
83689
83711
83716
83725
83736
83738
83750
83801
83813
83830
83832
83829
83849
83852
83871
83894
83893
83898
83899
83904
83958
83959
83970
83962
83986
83997
84001
84012
84017
84011
84032
84015
84030
84078
84083
84089
84095
84120
84122
84136
84145
84171
84184
84181
84196
84189
84205
84211
84234
84273
84293
84287
84305
84327
84341
84347
84346
84345
84370
84368
84390
84395
84393
84399
84422
84430
84447
84445
84446
84452
84458
84475
84472
84487
84494
84490
84497
36229
36240
36243
36251
36274
36294
36293
36295
36301
36307
36319
36321
36327
36314
36336
36344
36385
36394
36406
36409
36414
36440
36487
36497
36498
36508
36504
36510
36528
36530
36566
36585
36616
36637
36635
36634
36639
36638
36673
36668
36706
36734
36742
36748
36764
36782
36777
36818
36836
36873
36919
36939
36944
36941
36950
36949
36954
36955
36966
36981
37007
37037
37050
37044
37051
37067
37059
37074
37077
37065
37081
37108
37109
37112
37117
37141
37136
37145
37153
37150
37157
37202
37258
37271
37280
37287
37294
37330
37348
37350
37357
37353
37371
37379
37378
37389
37391
37417
37423
37445
37449
37453
37464
37482
37478
37489
37530
37545
37546
37557
37572
37565
37560
37587
37600
37609
37623
37640
37648
37671
37675
37679
37725
37730
37749
37768
37783
37791
37788
37812
37820
37864
37871
37898
37914
37910
37966
37969
37983
37997
38007
38030
38040
38046
38052
38059
38048
38057
38082
38085
38089
38101
38135
38169
38192
38217
38232
38243
38255
38262
38269
38296
38319
38316
38317
38324
38350
38345
38360
38375
38379
38387
38405
38412
38437
38435
38442
38452
38451
38478
38493
38523
38518
38543
38554
38568
38576
38581
38600
38644
38652
38658
38715
38723
38721
38734
38737
38740
38750
38747
38768
38780
38785
38792
38826
38844
38845
38861
38865
38867
38878
38881
38883
38896
38899
38913
38924
38949
38960
38954
38967
38976
38980
38981
39000
38995
39007
39014
39054
39048
39083
39085
39096
39121
39194
39229
39234
69437
69455
69461
69452
69467
69491
69493
69504
69513
69520
69524
69531
69541
69540
69549
69551
69581
69604
69619
69620
69633
69629
69645
69652
69661
69675
69678
69677
69701
69691
69730
69740
69746
69765
69776
69789
69847
69853
69873
69899
69911
69910
69920
69935
69932
69938
69970
69975
69982
70025
70043
70050
70056
70068
70077
70110
70123
70135
70146
70167
70178
70212
70217
70224
70225
70231
70235
70306
70319
70329
70327
70341
70342
70349
70340
70374
70370
70368
70382
70384
70388
70400
70423
70425
70424
70467
70476
70482
70481
70510
70504
70507
70514
70532
70538
70555
70559
70570
70600
70615
70620
70613
70621
70641
70624
70650
70656
70664
70672
70683
70695
70701
70715
70716
70721
70759
70765
70775
70783
70784
70790
70800
70802
70817
70841
70848
70856
70859
70891
70919
70929
70958
70963
70978
70980
70987
71007
71019
71028
71011
71050
71061
71067
71058
71001
71079
71116
71120
71126
71125
71141
71140
71152
71162
71151
71199
71201
71225
71233
71238
71242
71266
71280
71318
71319
71321
71316
71330
71362
71360
71366
71376
71388
71395
71422
71441
71456
71476
71479
71487
71484
71494
71511
71517
71546
71586
71604
71602
71615
71638
71658
71668
71688
71694
71706
71711
71720
71728
71742
71794
71803
71823
71825
71853
71844
71881
71882
71890
71893
71939
71932
71970
71981
71984
71990
71998
72027
72031
72037
72077
72135
72139
72177
72174
72190
72204
72221
72232
72242
72249
72255
72251
72282
72293
72291
72344
72348
72371
72357
72380
72411
72415
72418
72423
3043
3038
3072
3078
3090
3095
3104
3110
3114
3119
3123
3122
3130
3152
3182
3184
3197
3199
3211
3270
3283
3290
3310
3318
3345
3342
3356
3360
3363
3405
3402
3426
3428
3432
3455
3473
3477
3503
3525
3518
3556
3581
3595
3591
3601
3619
3645
3693
3765
3778
3790
3791
3794
3801
3814
3821
3816
3872
3886
3883
3874
3895
3899
3910
3913
3912
3919
3931
3942
3949
3977
3984
3986
4012
4041
4049
4083
4086
4090
4096
4135
4160
4191
4184
4203
4233
4235
4261
4269
4270
4306
4308
4309
4363
4398
4403
4405
4419
4444
4447
4451
4473
4481
4506
4512
4538
4547
4571
4580
4579
4575
4585
4599
4613
4654
4664
4661
4662
4666
4679
4669
4678
4676
4689
4731
4738
4743
4735
4744
4756
4755
4758
4748
4766
4783
4796
4792
4788
4817
4820
4819
4824
4846
4849
4843
4867
4873
4890
4899
4906
4924
4923
4938
5006
5014
5017
5034
5041
5048
5042
5049
5067
5105
5104
5108
5127
5133
5169
5195
5206
5213
5217
5225
5234
5275
5280
5283
5241
5312
5336
5347
5376
5382
5383
5391
5390
5398
5405
5420
5437
5441
5444
5468
5486
5519
5523
5525
5543
5550
5579
5610
5669
5666
5671
5692
5695
5709
5735
5742
5745
5766
5783
5820
5840
5843
5862
5871
5900
5906
5917
5921
5956
5981
5990
6023
15093
15091
15112
15108
15121
15131
15142
15152
15224
15230
15238
15265
15282
15299
15308
15330
15344
15362
15364
15388
15424
15437
15448
15475
15486
15493
15497
15531
15561
15573
15585
15607
15609
15628
15626
15637
15634
15728
15757
15765
15777
15788
15782
15787
15803
15821
15832
15855
15882
15891
15904
15925
15926
15939
15958
15963
15980
15979
15986
15988
15998
16002
16029
16036
16041
16067
16075
16082
16108
16122
16136
16139
16155
16157
16196
16200
16228
16231
16235
16232
16282
16317
16331
16345
16339
16360
16357
16365
16363
16373
16382
16384
16394
16413
16420
16422
16474
16481
16478
16484
16500
16496
16513
16515
16517
16591
16601
16611
16665
16706
16717
16716
16722
16744
16756
16764
16763
16767
16774
16778
16787
16786
16807
16822
16844
16870
16869
16871
16876
16901
16925
16941
16959
16972
16986
17010
17013
17019
17045
17044
17059
17098
17091
17097
17103
17111
17121
17136
17149
17175
17191
17216
17213
17220
17231
17236
17269
17272
17279
17307
17321
17370
17389
17409
17419
17459
17463
17475
17483
17479
17486
17527
17537
17549
17570
17596
17594
17607
17614
17631
17653
17661
17665
17673
17669
17685
17720
17726
17747
17749
17759
17769
17772
17791
17800
17825
17832
17826
17833
17836
17839
17835
17844
17867
17886
17896
17933
17940
17964
17966
17983
18001
17990
18025
18022
18067
18064
18098
18100
18105
60379
60396
60395
60415
60423
60411
60426
60468
60478
60482
60528
60539
60552
60581
60639
60642
60628
60653
60651
60645
60664
60667
60665
60663
60683
60689
60686
60703
60700
60713
60728
60730
60752
60743
60758
60760
60761
60779
60822
60827
60829
60834
60846
60880
60889
60887
60894
60896
60952
60956
60985
60992
60989
61005
61025
61035
61045
61059
61100
61144
61156
61175
61186
61194
61189
61241
61257
61270
61293
61278
61286
61314
61310
61333
61354
61373
61391
61395
61440
61461
61473
61495
61511
61504
61520
61528
61543
61542
61549
61559
61557
61571
61563
61582
61572
61592
61617
61621
61654
61675
61683
61682
61678
61701
61710
61712
61717
61719
61724
61711
61756
61765
61774
61796
61808
61827
61832
61829
61834
61850
61885
61891
61910
61916
61936
61988
61986
62024
62045
62042
62059
62086
62118
62111
62115
62119
62125
62114
62139
62157
62168
62211
62217
62232
62265
62278
62283
62313
62325
62345
62359
62366
62368
62406
62428
62427
62441
62452
62466
62453
62470
62486
62494
62525
62524
62549
62547
62578
62606
62617
62629
62623
62628
62664
62675
62691
62687
62701
62733
62738
62739
62736
62743
62787
62786
62793
62794
62791
62806
62828
62869
62890
62898
62910
62904
62938
62944
62941
62947
62937
62958
62955
62966
62980
62977
62979
63000
63033
63047
63054
63052
63059
63071
63087
63095
63105
63111
63118
63120
63139
63142
63141
63164
63167
63186
63200
63208
63220
63218
63216
63244
63255
63262
63344
63355
63376
99619
99624
99626
99635
99648
99653
99663
99664
99660
99678
99687
99741
99738
99758
99753
99742
99777
99786
99815
99856
99882
99881
99902
99913
99920
99937
99949
99932
99938
99966
100019
100033
100040
100043
100049
100078
100086
100108
100101
100118
100211
100214
100223
100280
100284
100319
100320
100333
100346
100353
100358
100360
100367
100366
100394
100404
100446
100472
100483
100484
100487
100511
100517
100561
100559
100579
100626
100614
100635
100639
100652
100665
100678
100685
100697
45279
45282
45286
45284
45299
45308
45320
45324
45335
45368
45382
45396
45410
45423
45433
45450
45444
45467
45483
45486
45499
45515
45521
45528
45557
45593
45592
45600
45620
45636
45702
45703
45725
45750
45752
45755
45758
45767
45780
45819
45827
45822
45839
45875
45879
45907
45968
45979
45981
45999
46003
46016
46019
46021
46032
46038
46039
46062
46064
46080
46085
46088
46106
46111
46102
46144
46151
46166
46178
46189
46200
46203
46209
46215
46213
46225
46236
46251
46253
46266
46282
46278
46295
46305
46309
46325
46324
46342
46348
46371
46399
46391
46419
46458
46477
46489
46495
46506
46514
46580
46577
46605
46608
46602
46619
46631
46636
46638
46651
46661
46679
46687
46698
46714
46715
46716
46721
46724
46739
46764
46774
46779
46798
46800
46803
46823
46835
46844
46850
46867
46872
46876
46890
46888
46891
46906
46911
46928
46927
46919
46936
46941
46957
46961
46970
46982
46985
47004
47007
47011
47029
47044
47049
47077
47095
47086
47109
47115
47114
47132
47123
47131
47128
47150
47152
47154
47176
47188
47191
47200
47213
47218
47252
47254
47276
47281
47330
47334
47335
47344
47352
47357
47364
47377
47393
47383
47389
47392
47397
47429
47438
47500
47511
47532
47538
47544
47565
47578
47580
47596
47618
47624
47632
47633
47646
47703
47773
47785
47774
47816
47822
47844
47860
47869
47870
47874
47879
47902
47899
47915
47909
47935
47974
48006
48008
48022
48024
48040
48044
48065
48070
48082
48094
48102
48101
48117
48128
48149
48159
48171
48188
48183
48193
48209
48212
48216
48218
48237
48248
48239
48287
75453
75481
75497
75514
75517
75525
75566
75574
75585
75591
75633
75626
75634
75632
75631
75643
75642
75650
75659
75665
75684
75690
75701
75703
75712
75748
75754
75764
75812
75807
75811
75820
75834
75843
75857
75855
75862
75870
75877
75884
75894
75897
75931
75929
75940
75947
75943
75952
75960
75966
75984
75990
76005
76007
76034
76037
76043
76036
76054
76059
76084
76087
76086
76092
76115
76131
76138
76135
76141
76147
76171
76184
76209
76196
76225
76227
76231
76235
76264
76277
76313
76325
76331
76328
76321
76357
76366
76364
76373
76396
76403
76435
76458
76457
76475
76477
76497
76515
76529
76542
76549
76568
76580
76579
76591
76596
76597
76593
76619
76622
76634
76640
76661
76675
76683
76682
76766
76770
76797
76804
76810
76821
76830
76829
76895
76914
76937
76945
76943
76963
76967
76991
76986
77004
77038
77063
77065
77067
77077
77083
77088
77094
77130
77137
77140
77136
77144
77151
77184
77190
77193
77216
77230
77246
77269
77277
77284
77297
77305
77314
77324
77331
77383
77389
77395
77400
77396
77407
77401
77405
77428
77434
77441
77472
77478
77488
77493
77499
77513
77525
77542
77549
77551
77569
77577
77573
77587
77600
77591
77618
77646
77642
77654
77660
77681
77680
77679
77696
77694
77708
77730
77737
77740
77748
77799
77804
77801
77831
77834
77891
77890
77905
77910
77924
77925
77931
77933
77934
77928
77946
77960
77973
77976
77992
77989
78014
78020
78022
78029
78046
78052
78056
78078
78079
78081
78087
78094
78086
78095
78100
78125
78132
78136
78143
78145
78176
78193
78200
78208
78214
78220
78229
78240
78247
78267
78273
78268
78280
78283
78291
78294
78313
78321
78325
78332
78343
78350
78368
78371
78388
78389
78395
78415
78434
78425
78460
78458
78461
78482
78504
78534
78556
78564
78584
78615
78628
78633
78667
78683
78682
78688
78691
78715
78724
78752
78762
78759
78781
78789
78792
78811
78877
78892
78902
78910
78918
78931
78934
78954
78948
78980
78988
79002
79026
79032
79056
79065
79059
79062
79078
79115
79128
79121
79144
79139
79188
79210
79218
79213
79220
79223
79242
79240
79273
79281
79293
79288
79300
79304
79301
79317
79327
79308
79351
79367
79384
79390
79397
79418
79416
79457
79466
79458
79474
79516
79530
79527
79542
79553
79563
79568
79578
79584
79600
79609
79623
79621
79627
79631
79641
79685
79695
79703
79708
79747
79756
79758
79771
79782
79806
79808
79815
79821
79887
79897
79938
79944
79971
79981
80002
80000
80018
80037
80049
80053
80062
80048
80064
80069
80073
80105
80110
80181
80183
80215
80257
80262
80281
80310
80329
80330
80333
80346
80343
80356
80374
80382
80392
80408
80413
80400
80430
80452
80465
80469
80496
80528
80533
80542
80545
80555
80563
80557
80565
80584
80580
80591
80614
80663
80674
80665
80697
80699
80706
80724
80761
80778
80791
80795
80828
80862
80870
80872
80874
80876
80888
80909
80915
80908
80926
80927
80949
80945
80964
80996
80995
81000
81009
81007
81058
81093
81105
81116
81129
81138
81147
81150
81152
81180
81189
81214
81218
81227
81239
81249
81256
81280
81295
81306
81305
81303
81310
81300
81336
81342
81389
81395
81405
81418
81408
81443
81452
81456
81472
81471